C51 COMPILER V9.54   SMG                                                                   04/22/2024 22:54:56 PAGE 1   


C51 COMPILER V9.54, COMPILATION OF MODULE SMG
OBJECT MODULE PLACED IN .\Objects\smg.obj
COMPILER INVOKED BY: D:\KEIL5\C51\BIN\C51.EXE aap\smg\smg.c OPTIMIZE(8,SPEED) BROWSE INCDIR(.\public;.\aap\key;.\aap\smg
                    -;.\aap\iic) DEBUG OBJECTEXTEND PRINT(.\Objects\smg.lst) TABS(2) OBJECT(.\Objects\smg.obj)

line level    source

   1          #include"smg.h"
*** WARNING C323 IN LINE 1 OF aap\smg\smg.h: newline expected, extra characters found
*** WARNING C323 IN LINE 1 OF .\public\public.h: newline expected, extra characters found
   2          
   3          u8 gsmg_code[17]={0x3f, 0x06,0x5b, 0x4f, 0x66,0x6d, 0x7d, 0x07,0X6f ,0x7f,0X6f,0x77,0x7c,0x39,0x5e,0x79,0x
             -71,};//数码管0-f
   4            
   5          
   6          void smg_display(void)
   7          {
   8   1        u8 i=0;
   9   1      
  10   1        for(i=0;i<8;i++)
  11   1        {
  12   2            switch(i)//位选
  13   2          {
  14   3            case 0: LSC=1;LSB=1;LSA=1;break;
  15   3            case 1: LSC=1;LSB=1;LSA=0;break;
  16   3            case 2: LSC=1;LSB=0;LSA=1;break;
  17   3            case 3: LSC=1;LSB=0;LSA=0;break;
  18   3            case 4: LSC=0;LSB=1;LSA=1;break;
  19   3            case 5: LSC=0;LSB=1;LSA=0;break;
  20   3            case 6: LSC=0;LSB=0;LSA=1;break;
  21   3            case 7: LSC=0;LSB=0;LSA=0;break;
  22   3          }
  23   2          SMG_A_DP_PORT=gsmg_code[i];//传送段选数据
  24   2          delay_10us(100);//延时一段时间，等待显示稳定
  25   2          SMG_A_DP_PORT=0x00;//消音
  26   2        }
  27   1      }
  28          
  29          
  30          
  31          
  32          
  33          
  34          
  35          
  36          
  37          
  38          
  39          
  40          


MODULE INFORMATION:   STATIC OVERLAYABLE
   CODE SIZE        =    117    ----
   CONSTANT SIZE    =   ----    ----
   XDATA SIZE       =   ----    ----
   PDATA SIZE       =   ----    ----
   DATA SIZE        =     17       1
   IDATA SIZE       =   ----    ----
   BIT SIZE         =   ----    ----
END OF MODULE INFORMATION.

C51 COMPILER V9.54   SMG                                                                   04/22/2024 22:54:56 PAGE 2   


C51 COMPILATION COMPLETE.  2 WARNING(S),  0 ERROR(S)
